// Jest Snapshot v1, https://goo.gl/fbAQLP

exports[`Example of appendChildren 1`] = `
<div>
  <div />
  <div />
  TextNode. 
</div>
`;

exports[`Example of createElement of HTML element 1`] = `
<div
  style="
        color: red;
      "
>
  HTMLDivElement. 
</div>
`;

exports[`Example of createElement of VirtualElement 1`] = `
Div {
  "element": <div
    style="color: red;"
  >
    VirtualDivElement. 
  </div>,
}
`;

exports[`Minimum VirtualElement 1`] = `
Div {
  "element": <div />,
}
`;

exports[`Render to existing element 1`] = `
PropsDiv {
  "element": <div>
    VirtualDivElement. 
  </div>,
}
`;

exports[`Usage with JavaScript 1`] = `
<div>
  TextNode
  <div>
    HTMLDivElement
  </div>
  <div>
    VirtualDivElement
  </div>
</div>
`;

exports[`Usage with TypeScript 1`] = `
<div>
  TextNode
  <div>
    HTMLDivElement
  </div>
  <div>
    VirtualDivElement
  </div>
</div>
`;

exports[`VirtualElement with properties 1`] = `
PropsDiv {
  "element": <div>
    VirtualDivElement. 
  </div>,
}
`;
